[manfredsteyer.github.io/angular-oauth2-oidc/docs/index.html]
[manfredsteyer.github.io/angular-oauth2-oidc/docs/overview.html]
[manfredsteyer.github.io/angular-oauth2-oidc/docs/changelog.html]
[manfredsteyer.github.io/angular-oauth2-oidc/docs/license.html]
[manfredsteyer.github.io/angular-oauth2-oidc/docs/dependencies.html]
[manfredsteyer.github.io/angular-oauth2-oidc/docs/properties.html]
[manfredsteyer.github.io/angular-oauth2-oidc/docs/modules.html]
[manfredsteyer.github.io/angular-oauth2-oidc/docs/additional-documentation/getting-started.html]
[manfredsteyer.github.io/angular-oauth2-oidc/docs/additional-documentation/preserving-state-(like-the-requested-url).html]
[manfredsteyer.github.io/angular-oauth2-oidc/docs/additional-documentation/refreshing-a-token.html]
[manfredsteyer.github.io/angular-oauth2-oidc/docs/additional-documentation/silent-refresh.html]
[manfredsteyer.github.io/angular-oauth2-oidc/docs/additional-documentation/token-refresh.html]
[manfredsteyer.github.io/angular-oauth2-oidc/docs/additional-documentation/working-with-httpinterceptors.html]
[manfredsteyer.github.io/angular-oauth2-oidc/docs/additional-documentation/callback-after-login.html]
[manfredsteyer.github.io/angular-oauth2-oidc/docs/additional-documentation/popup-based-login.html]
[manfredsteyer.github.io/angular-oauth2-oidc/docs/additional-documentation/custom-query-parameters.html]
[manfredsteyer.github.io/angular-oauth2-oidc/docs/additional-documentation/events.html]
[manfredsteyer.github.io/angular-oauth2-oidc/docs/additional-documentation/routing-with-the-hashstrategy.html]
[manfredsteyer.github.io/angular-oauth2-oidc/docs/additional-documentation/adapt-id_token-validation.html]
[manfredsteyer.github.io/angular-oauth2-oidc/docs/additional-documentation/session-checks.html]
[manfredsteyer.github.io/angular-oauth2-oidc/docs/additional-documentation/server-side-rendering.html]
[manfredsteyer.github.io/angular-oauth2-oidc/docs/additional-documentation/configure-library-for-implicit-flow-without-discovery-document.html]
[manfredsteyer.github.io/angular-oauth2-oidc/docs/additional-documentation/using-an-id-provider-that-fails-discovery-document-validation.html]
[manfredsteyer.github.io/angular-oauth2-oidc/docs/additional-documentation/using-systemjs.html]
[manfredsteyer.github.io/angular-oauth2-oidc/docs/additional-documentation/using-implicit-flow.html]
[manfredsteyer.github.io/angular-oauth2-oidc/docs/additional-documentation/using-password-flow.html]
[manfredsteyer.github.io/angular-oauth2-oidc/docs/additional-documentation/configure-custom-oauthstorage.html]
[manfredsteyer.github.io/angular-oauth2-oidc/docs/additional-documentation/manually-skipping-login-form.html]
[manfredsteyer.github.io/angular-oauth2-oidc/docs/additional-documentation/original-config-api.html]
[manfredsteyer.github.io/angular-oauth2-oidc/docs/additional-documentation/authorization-servers.html]
[manfredsteyer.github.io/angular-oauth2-oidc/docs/additional-documentation/authorization-servers/using-identity-server.html]
[manfredsteyer.github.io/angular-oauth2-oidc/docs/additional-documentation/authorization-servers/using-keycloak.html]
[manfredsteyer.github.io/angular-oauth2-oidc/docs/additional-documentation/authorization-servers/auth0.html]
[manfredsteyer.github.io/angular-oauth2-oidc/docs/additional-documentation/authorization-servers/azure-ad-(active-directory).html]
[manfredsteyer.github.io/angular-oauth2-oidc/docs/modules/OAuthModule.html]
[manfredsteyer.github.io/angular-oauth2-oidc/docs/classes/AbstractValidationHandler.html]
[manfredsteyer.github.io/angular-oauth2-oidc/docs/classes/AuthConfig.html]
[manfredsteyer.github.io/angular-oauth2-oidc/docs/classes/DateTimeProvider.html]
[manfredsteyer.github.io/angular-oauth2-oidc/docs/classes/Hash.html]
[manfredsteyer.github.io/angular-oauth2-oidc/docs/classes/HashHandler.html]
[manfredsteyer.github.io/angular-oauth2-oidc/docs/classes/HMAC.html]
[manfredsteyer.github.io/angular-oauth2-oidc/docs/classes/JwksValidationHandler.html]
[manfredsteyer.github.io/angular-oauth2-oidc/docs/classes/LoginOptions.html]
[manfredsteyer.github.io/angular-oauth2-oidc/docs/classes/NullValidationHandler.html]
[manfredsteyer.github.io/angular-oauth2-oidc/docs/classes/OAuthErrorEvent.html]
[manfredsteyer.github.io/angular-oauth2-oidc/docs/classes/OAuthEvent.html]
[manfredsteyer.github.io/angular-oauth2-oidc/docs/classes/OAuthInfoEvent.html]
[manfredsteyer.github.io/angular-oauth2-oidc/docs/classes/OAuthLogger.html]
[manfredsteyer.github.io/angular-oauth2-oidc/docs/classes/OAuthModuleConfig.html]
[manfredsteyer.github.io/angular-oauth2-oidc/docs/classes/OAuthNoopResourceServerErrorHandler.html]
[manfredsteyer.github.io/angular-oauth2-oidc/docs/classes/OAuthResourceServerConfig.html]
[manfredsteyer.github.io/angular-oauth2-oidc/docs/classes/OAuthResourceServerErrorHandler.html]
[manfredsteyer.github.io/angular-oauth2-oidc/docs/classes/OAuthStorage.html]
[manfredsteyer.github.io/angular-oauth2-oidc/docs/classes/OAuthSuccessEvent.html]
[manfredsteyer.github.io/angular-oauth2-oidc/docs/classes/ReceivedTokens.html]
[manfredsteyer.github.io/angular-oauth2-oidc/docs/classes/ValidationHandler.html]
[manfredsteyer.github.io/angular-oauth2-oidc/docs/classes/WebHttpUrlEncodingCodec.html]
[manfredsteyer.github.io/angular-oauth2-oidc/docs/injectables/DefaultHashHandler.html]
[manfredsteyer.github.io/angular-oauth2-oidc/docs/injectables/MemoryStorage.html]
[manfredsteyer.github.io/angular-oauth2-oidc/docs/injectables/OAuthService.html]
[manfredsteyer.github.io/angular-oauth2-oidc/docs/injectables/SystemDateTimeProvider.html]
[manfredsteyer.github.io/angular-oauth2-oidc/docs/injectables/UrlHelperService.html]
[manfredsteyer.github.io/angular-oauth2-oidc/docs/interceptors/DefaultOAuthInterceptor.html]
[manfredsteyer.github.io/angular-oauth2-oidc/docs/interfaces/OidcDiscoveryDoc.html]
[manfredsteyer.github.io/angular-oauth2-oidc/docs/interfaces/ParsedIdToken.html]
[manfredsteyer.github.io/angular-oauth2-oidc/docs/interfaces/TokenResponse.html]
[manfredsteyer.github.io/angular-oauth2-oidc/docs/interfaces/UserInfo.html]
[manfredsteyer.github.io/angular-oauth2-oidc/docs/interfaces/ValidationParams.html]
[manfredsteyer.github.io/angular-oauth2-oidc/docs/miscellaneous/functions.html]
[manfredsteyer.github.io/angular-oauth2-oidc/docs/miscellaneous/typealiases.html]
[manfredsteyer.github.io/angular-oauth2-oidc/docs/miscellaneous/variables.html]
[backblue.gif]
[fade.gif]
[index.html]
[manfredsteyer.github.io/angular-oauth2-oidc/docs/images/favicon.ico]
[manfredsteyer.github.io/angular-oauth2-oidc/docs/styles/dark.css]
[manfredsteyer.github.io/angular-oauth2-oidc/docs/index-2.html]
[raw.githubusercontent.com/manfredsteyer/angular-oauth2-oidc/master/oidc.png]
[manfredsteyer.github.io/angular-oauth2-oidc/docs/js/libs/custom-elements.min.js]
[manfredsteyer.github.io/angular-oauth2-oidc/docs/js/libs/lit-html.js]
[manfredsteyer.github.io/angular-oauth2-oidc/docs/js/menu-wc.js]
[manfredsteyer.github.io/angular-oauth2-oidc/docs/js/menu-wc_es5.js]
[manfredsteyer.github.io/angular-oauth2-oidc/docs/js/libs/bootstrap-native.js]
[manfredsteyer.github.io/angular-oauth2-oidc/docs/js/libs/es6-shim.min.js]
[manfredsteyer.github.io/angular-oauth2-oidc/docs/js/libs/EventDispatcher.js]
[manfredsteyer.github.io/angular-oauth2-oidc/docs/js/libs/promise.min.js]
[manfredsteyer.github.io/angular-oauth2-oidc/docs/js/libs/zepto.min.js]
[manfredsteyer.github.io/angular-oauth2-oidc/docs/js/compodoc.js]
[manfredsteyer.github.io/angular-oauth2-oidc/docs/js/tabs.js]
[manfredsteyer.github.io/angular-oauth2-oidc/docs/js/menu.js]
[manfredsteyer.github.io/angular-oauth2-oidc/docs/js/libs/clipboard.min.js]
[manfredsteyer.github.io/angular-oauth2-oidc/docs/js/libs/prism.js]
[manfredsteyer.github.io/angular-oauth2-oidc/docs/js/sourceCode.js]
[manfredsteyer.github.io/angular-oauth2-oidc/docs/js/search/search.js]
[manfredsteyer.github.io/angular-oauth2-oidc/docs/js/search/lunr.min.js]
[manfredsteyer.github.io/angular-oauth2-oidc/docs/js/search/search-lunr.js]
[manfredsteyer.github.io/angular-oauth2-oidc/docs/js/search/search_index.js]
[manfredsteyer.github.io/angular-oauth2-oidc/docs/js/lazy-load-graphs.js]
[manfredsteyer.github.io/angular-oauth2-oidc/docs/index.html]
[manfredsteyer.github.io/angular-oauth2-oidc/docs/js/libs/svg-pan-zoom.min.js]
[manfredsteyer.github.io/angular-oauth2-oidc/docs/js/svg-pan-zoom.controls.js]
[manfredsteyer.github.io/angular-oauth2-oidc/docs/overview.html]
[manfredsteyer.github.io/angular-oauth2-oidc/docs/changelog.html]
[manfredsteyer.github.io/angular-oauth2-oidc/docs/license.html]
[manfredsteyer.github.io/angular-oauth2-oidc/docs/dependencies.html]
[manfredsteyer.github.io/angular-oauth2-oidc/docs/properties.html]
[manfredsteyer.github.io/angular-oauth2-oidc/docs/modules.html]
[manfredsteyer.github.io/angular-oauth2-oidc/docs/additional-documentation/getting-started.html]
[manfredsteyer.github.io/angular-oauth2-oidc/docs/additional-documentation/preserving-state-(like-the-requested-url).html]
[manfredsteyer.github.io/angular-oauth2-oidc/docs/additional-documentation/refreshing-a-token.html]
[manfredsteyer.github.io/angular-oauth2-oidc/docs/additional-documentation/silent-refresh.html]
[manfredsteyer.github.io/angular-oauth2-oidc/docs/additional-documentation/token-refresh.html]
[manfredsteyer.github.io/angular-oauth2-oidc/docs/additional-documentation/working-with-httpinterceptors.html]
[manfredsteyer.github.io/angular-oauth2-oidc/docs/additional-documentation/callback-after-login.html]
[manfredsteyer.github.io/angular-oauth2-oidc/docs/additional-documentation/silent-refresh.md]
[manfredsteyer.github.io/angular-oauth2-oidc/docs/additional-documentation/popup-based-login.html]
[manfredsteyer.github.io/angular-oauth2-oidc/docs/additional-documentation/custom-query-parameters.html]
[manfredsteyer.github.io/angular-oauth2-oidc/docs/additional-documentation/events.html]
[manfredsteyer.github.io/angular-oauth2-oidc/docs/additional-documentation/routing-with-the-hashstrategy.html]
[manfredsteyer.github.io/angular-oauth2-oidc/docs/additional-documentation/adapt-id_token-validation.html]
[manfredsteyer.github.io/angular-oauth2-oidc/docs/additional-documentation/session-checks.html]
[manfredsteyer.github.io/angular-oauth2-oidc/docs/additional-documentation/server-side-rendering.html]
[manfredsteyer.github.io/angular-oauth2-oidc/docs/additional-documentation/configure-library-for-implicit-flow-without-discovery-document.html]
[manfredsteyer.github.io/angular-oauth2-oidc/docs/additional-documentation/using-an-id-provider-that-fails-discovery-document-validation.html]
[manfredsteyer.github.io/angular-oauth2-oidc/docs/additional-documentation/using-systemjs.html]
[manfredsteyer.github.io/angular-oauth2-oidc/docs/additional-documentation/using-implicit-flow.html]
[manfredsteyer.github.io/angular-oauth2-oidc/docs/additional-documentation/using-password-flow.html]
[manfredsteyer.github.io/angular-oauth2-oidc/docs/additional-documentation/configure-custom-oauthstorage.html]
[manfredsteyer.github.io/angular-oauth2-oidc/docs/additional-documentation/manually-skipping-login-form.html]
[manfredsteyer.github.io/angular-oauth2-oidc/docs/additional-documentation/discovery-document-validation.html]
[manfredsteyer.github.io/angular-oauth2-oidc/docs/additional-documentation/original-config-api.html]
[manfredsteyer.github.io/angular-oauth2-oidc/docs/additional-documentation/authorization-servers.html]
[manfredsteyer.github.io/angular-oauth2-oidc/docs/additional-documentation/authorization-servers/using-identity-server.html]
[manfredsteyer.github.io/angular-oauth2-oidc/docs/additional-documentation/authorization-servers/using-keycloak.html]
[manfredsteyer.github.io/angular-oauth2-oidc/docs/additional-documentation/authorization-servers/auth0.html]
[manfredsteyer.github.io/angular-oauth2-oidc/docs/additional-documentation/authorization-servers/azure-ad-(active-directory).html]
[manfredsteyer.github.io/angular-oauth2-oidc/docs/modules/OAuthModule.html]
[manfredsteyer.github.io/angular-oauth2-oidc/docs/classes/AbstractValidationHandler.html]
[manfredsteyer.github.io/angular-oauth2-oidc/docs/classes/AuthConfig.html]
[manfredsteyer.github.io/angular-oauth2-oidc/docs/classes/DateTimeProvider.html]
[manfredsteyer.github.io/angular-oauth2-oidc/docs/classes/Hash.html]
[manfredsteyer.github.io/angular-oauth2-oidc/docs/classes/HashHandler.html]
[manfredsteyer.github.io/angular-oauth2-oidc/docs/classes/HMAC.html]
[manfredsteyer.github.io/angular-oauth2-oidc/docs/classes/JwksValidationHandler.html]
[manfredsteyer.github.io/angular-oauth2-oidc/docs/classes/LoginOptions.html]
[manfredsteyer.github.io/angular-oauth2-oidc/docs/classes/NullValidationHandler.html]
[manfredsteyer.github.io/angular-oauth2-oidc/docs/undefineds/EventType.html]
[manfredsteyer.github.io/angular-oauth2-oidc/docs/classes/OAuthErrorEvent.html]
[manfredsteyer.github.io/angular-oauth2-oidc/docs/classes/OAuthEvent.html]
[manfredsteyer.github.io/angular-oauth2-oidc/docs/classes/OAuthInfoEvent.html]
[manfredsteyer.github.io/angular-oauth2-oidc/docs/classes/OAuthLogger.html]
[manfredsteyer.github.io/angular-oauth2-oidc/docs/classes/OAuthModuleConfig.html]
[manfredsteyer.github.io/angular-oauth2-oidc/docs/classes/OAuthNoopResourceServerErrorHandler.html]
[manfredsteyer.github.io/angular-oauth2-oidc/docs/classes/OAuthResourceServerConfig.html]
[manfredsteyer.github.io/angular-oauth2-oidc/docs/classes/OAuthResourceServerErrorHandler.html]
[manfredsteyer.github.io/angular-oauth2-oidc/docs/classes/OAuthStorage.html]
[manfredsteyer.github.io/angular-oauth2-oidc/docs/classes/OAuthSuccessEvent.html]
[manfredsteyer.github.io/angular-oauth2-oidc/docs/classes/ReceivedTokens.html]
[manfredsteyer.github.io/angular-oauth2-oidc/docs/classes/ValidationHandler.html]
[manfredsteyer.github.io/angular-oauth2-oidc/docs/classes/WebHttpUrlEncodingCodec.html]
[manfredsteyer.github.io/angular-oauth2-oidc/docs/injectables/DefaultHashHandler.html]
[manfredsteyer.github.io/angular-oauth2-oidc/docs/injectables/MemoryStorage.html]
[manfredsteyer.github.io/angular-oauth2-oidc/docs/injectables/OAuthService.html]
[manfredsteyer.github.io/angular-oauth2-oidc/docs/injectables/SystemDateTimeProvider.html]
[manfredsteyer.github.io/angular-oauth2-oidc/docs/injectables/UrlHelperService.html]
[manfredsteyer.github.io/angular-oauth2-oidc/docs/interceptors/DefaultOAuthInterceptor.html]
[manfredsteyer.github.io/angular-oauth2-oidc/docs/interfaces/OidcDiscoveryDoc.html]
[manfredsteyer.github.io/angular-oauth2-oidc/docs/interfaces/ParsedIdToken.html]
[manfredsteyer.github.io/angular-oauth2-oidc/docs/interfaces/TokenResponse.html]
[manfredsteyer.github.io/angular-oauth2-oidc/docs/interfaces/UserInfo.html]
[manfredsteyer.github.io/angular-oauth2-oidc/docs/interfaces/ValidationParams.html]
[manfredsteyer.github.io/angular-oauth2-oidc/docs/miscellaneous/functions.html]
[manfredsteyer.github.io/angular-oauth2-oidc/docs/miscellaneous/typealiases.html]
[manfredsteyer.github.io/angular-oauth2-oidc/docs/miscellaneous/variables.html]
[manfredsteyer.github.io/angular-oauth2-oidc/docs/styles/reset.css]
[manfredsteyer.github.io/angular-oauth2-oidc/docs/styles/bootstrap.min.css]
[manfredsteyer.github.io/angular-oauth2-oidc/docs/styles/bootstrap-card.css]
[manfredsteyer.github.io/angular-oauth2-oidc/docs/styles/prism.css]
[manfredsteyer.github.io/angular-oauth2-oidc/docs/styles/ionicons.min.css]
[manfredsteyer.github.io/angular-oauth2-oidc/docs/styles/compodoc.css]
[manfredsteyer.github.io/angular-oauth2-oidc/docs/styles/tablesort.css]
[manfredsteyer.github.io/angular-oauth2-oidc/docs/styles/style.css]
[manfredsteyer.github.io/angular-oauth2-oidc/docs/styles/dark.css]
[manfredsteyer.github.io/angular-oauth2-oidc/docs/index-2.html]
[manfredsteyer.github.io/angular-oauth2-oidc/docs/additional-documentation/silent-refresh-2.html]
[manfredsteyer.github.io/angular-oauth2-oidc/docs/additional-documentation/discovery-document-validation.html]
[manfredsteyer.github.io/angular-oauth2-oidc/docs/undefineds/EventType.html]
[manfredsteyer.github.io/angular-oauth2-oidc/docs/styles/reset.css]
[manfredsteyer.github.io/angular-oauth2-oidc/docs/styles/bootstrap.min.css]
[manfredsteyer.github.io/angular-oauth2-oidc/docs/styles/bootstrap-card.css]
[manfredsteyer.github.io/angular-oauth2-oidc/docs/styles/prism.css]
[manfredsteyer.github.io/angular-oauth2-oidc/docs/fonts/ionicons0df9.eot]
[manfredsteyer.github.io/angular-oauth2-oidc/docs/fonts/ionicons0df9.woff2]
[manfredsteyer.github.io/angular-oauth2-oidc/docs/fonts/ionicons0df9.woff]
[manfredsteyer.github.io/angular-oauth2-oidc/docs/fonts/ionicons0df9.ttf]
[manfredsteyer.github.io/angular-oauth2-oidc/docs/styles/ionicons.min.css]
[manfredsteyer.github.io/angular-oauth2-oidc/docs/fonts/ionicons0df9.svg]
[manfredsteyer.github.io/angular-oauth2-oidc/docs/fonts/roboto-v15-latin-300.eot]
[manfredsteyer.github.io/angular-oauth2-oidc/docs/fonts/roboto-v15-latin-300d41d.eot]
[manfredsteyer.github.io/angular-oauth2-oidc/docs/fonts/roboto-v15-latin-300.woff2]
[manfredsteyer.github.io/angular-oauth2-oidc/docs/fonts/roboto-v15-latin-300.woff]
[manfredsteyer.github.io/angular-oauth2-oidc/docs/fonts/roboto-v15-latin-300.ttf]
[manfredsteyer.github.io/angular-oauth2-oidc/docs/fonts/roboto-v15-latin-300.svg]
[manfredsteyer.github.io/angular-oauth2-oidc/docs/fonts/roboto-v15-latin-regular.eot]
[manfredsteyer.github.io/angular-oauth2-oidc/docs/fonts/roboto-v15-latin-regulard41d.eot]
[manfredsteyer.github.io/angular-oauth2-oidc/docs/fonts/roboto-v15-latin-regular.woff2]
[manfredsteyer.github.io/angular-oauth2-oidc/docs/fonts/roboto-v15-latin-regular.woff]
[manfredsteyer.github.io/angular-oauth2-oidc/docs/fonts/roboto-v15-latin-regular.ttf]
[manfredsteyer.github.io/angular-oauth2-oidc/docs/fonts/roboto-v15-latin-regular.svg]
[manfredsteyer.github.io/angular-oauth2-oidc/docs/fonts/roboto-v15-latin-700.eot]
[manfredsteyer.github.io/angular-oauth2-oidc/docs/fonts/roboto-v15-latin-700d41d.eot]
[manfredsteyer.github.io/angular-oauth2-oidc/docs/fonts/roboto-v15-latin-700.woff2]
[manfredsteyer.github.io/angular-oauth2-oidc/docs/fonts/roboto-v15-latin-700.woff]
[manfredsteyer.github.io/angular-oauth2-oidc/docs/fonts/roboto-v15-latin-700.ttf]
[manfredsteyer.github.io/angular-oauth2-oidc/docs/styles/compodoc.css]
[manfredsteyer.github.io/angular-oauth2-oidc/docs/styles/tablesort.css]
[manfredsteyer.github.io/angular-oauth2-oidc/docs/fonts/ionicons0df9.svg]
[manfredsteyer.github.io/angular-oauth2-oidc/docs/fonts/roboto-v15-latin-300.svg]
[manfredsteyer.github.io/angular-oauth2-oidc/docs/fonts/roboto-v15-latin-regular.svg]
[manfredsteyer.github.io/angular-oauth2-oidc/docs/fonts/roboto-v15-latin-700.svg]
[manfredsteyer.github.io/angular-oauth2-oidc/docs/fonts/roboto-v15-latin-700.svg]
